// Jest Snapshot v1, https://goo.gl/fbAQLP

exports[`My Connected React-Redux Component renders without error 1`] = `ShallowWrapper {}`;
